◇ injected env (0) from .env // tip: ⌘ override existing { override: true }
BatiConnect API démarrée sur http://localhost:8000
[0mPOST /api/auth/register [32m201[0m 297.273 ms - 415[0m
[0mPOST /api/auth/register [33m422[0m 2.082 ms - 85[0m
[0mPOST /api/auth/register [33m422[0m 2.294 ms - 85[0m
[0mPOST /api/auth/register [33m422[0m 1.149 ms - 85[0m
[0mPOST /api/auth/forgot-password [32m200[0m 1.625 ms - 49[0m
[0mPOST /api/auth/register [33m422[0m 1.907 ms - 85[0m
[0mPOST /api/auth/register [33m422[0m 1.775 ms - 85[0m
[0mPOST /api/auth/register [33m422[0m 3.160 ms - 85[0m
[0mPOST /api/auth/register [33m422[0m 2.659 ms - 85[0m
[0mPOST /api/auth/register [33m422[0m 1.467 ms - 85[0m
[0mPOST /api/auth/register [33m422[0m 1.609 ms - 85[0m
[0mGET /api/trades [33m404[0m 0.878 ms - 31[0m
[0mGET /api/trades [33m404[0m 0.446 ms - 31[0m
[0mPOST /api/auth/register [33m422[0m 1.262 ms - 85[0m
[0mPOST /api/auth/register [33m422[0m 1.143 ms - 85[0m
[0mPOST /api/auth/register [33m422[0m 1.488 ms - 85[0m
[0mGET /api/health [32m200[0m 0.608 ms - 15[0m
[0mGET /api/trades [33m404[0m 0.486 ms - 31[0m
[0mGET /api/trades [33m404[0m 0.277 ms - 31[0m
[0mPOST /api/auth/register [33m422[0m 1.564 ms - 85[0m
[0mPOST /api/auth/register [33m422[0m 1.323 ms - 85[0m
[0mPOST /api/auth/register [33m422[0m 1.094 ms - 85[0m
[0mPOST /api/auth/register [33m422[0m 1.202 ms - 85[0m
[0mPOST /api/auth/register [33m422[0m 1.322 ms - 85[0m
[0mGET /api/trades [33m404[0m 0.346 ms - 31[0m
[0mGET /api/trades [33m404[0m 0.293 ms - 31[0m
[0mGET /api/trades [33m404[0m 0.303 ms - 31[0m
[0mGET /api/trades [33m404[0m 0.331 ms - 31[0m
[0mGET /api/trades [33m404[0m 0.519 ms - 31[0m
[0mGET /api/trades [33m404[0m 0.405 ms - 31[0m
[0mGET /api/trades [33m404[0m 0.344 ms - 31[0m
[0mGET /api/trades [33m404[0m 0.389 ms - 31[0m
[0mGET /api/trades [33m404[0m 0.328 ms - 31[0m
[0mGET /api/trades [33m404[0m 0.262 ms - 31[0m
[0mPOST /api/auth/register [32m201[0m 119.786 ms - 398[0m
[0mPOST /api/auth/register [32m201[0m 121.193 ms - 411[0m
[0mGET /api/auth/me [32m200[0m 9.216 ms - 208[0m
[0mGET /api/trades [33m404[0m 0.336 ms - 31[0m
[0mGET /api/auth/me [36m304[0m 4.037 ms - -[0m
[0mGET /api/trades [33m404[0m 0.572 ms - 31[0m
[0mGET /api/trades [33m404[0m 0.564 ms - 31[0m
[0mGET /api/trades [33m404[0m 0.295 ms - 31[0m
[0mGET /api/trades [33m404[0m 0.241 ms - 31[0m
[0mGET /api/trades [33m404[0m 0.258 ms - 31[0m
[0mGET /api/trades [33m404[0m 0.322 ms - 31[0m
[0mGET /api/trades [33m404[0m 0.309 ms - 31[0m
[0mPOST /api/auth/admin-access [33m404[0m 0.302 ms - 31[0m
[0mGET /api/trades [33m404[0m 0.710 ms - 31[0m
[0mGET /api/trades [33m404[0m 0.497 ms - 31[0m
[0mPOST /api/auth/admin-access [33m404[0m 0.451 ms - 31[0m
[0mGET /api/trades [33m404[0m 2.464 ms - 31[0m
[0mGET /api/trades [33m404[0m 0.368 ms - 31[0m
